Creo Part File
VERSION 3.0
PART NAME: ASSEMBLY
UNITS: MM
DENSITY: 1.0

FEATURE 1: BASE_PLATE
TYPE: PAD
SKETCH: SKETCH_1
DEPTH: 5.0
DIRECTION: NORMAL

SKETCH_1: RECTANGLE
  ORIGIN: (0.0, 0.0, 0.0)
  WIDTH: 80.0
  HEIGHT: 100.0
  CORNER_RADIUS: 5.0

FEATURE 2: HOUSING_SECTION
TYPE: PAD
SKETCH: SKETCH_2
DEPTH: 20.0
OFFSET: 5.0
DIRECTION: NORMAL

SKETCH_2: RECTANGLE
  ORIGIN: (20.0, 40.0, 5.0)
  WIDTH: 40.0
  HEIGHT: 20.0
  RADIUS: 10.0

FEATURE 3: SUPPORT_COLUMN
TYPE: PAD
SKETCH: SKETCH_3
DEPTH: 200.0
OFFSET: 25.0
DIRECTION: NORMAL

SKETCH_3: RECTANGLE
  ORIGIN: (5.0, 10.0, 25.0)
  WIDTH: 20.0
  HEIGHT: 20.0
  CORNER_RADIUS: 2.0

FEATURE 4: BOLT_HOLES
TYPE: HOLES
PATTERN: CIRCULAR_ARRAY
  CENTER: (40.0, 50.0)
  DIAMETER: 5.0
  COUNT: 6
  SPACING_ANGLE: 60.0
  DEPTH: THROUGH
  ORIGIN_BASE: (0.0, 0.0, 0.0)

FEATURE 5: CYLINDRICAL_FEATURE
TYPE: REVOLUTION
SKETCH: SKETCH_4
AXIS: Z_AXIS
ANGLE: 360.0

SKETCH_4: PROFILE_CURVE
  POINT_1: (10.0, 0.0)
  POINT_2: (15.0, 0.0)
  POINT_3: (15.0, 50.0)
  POINT_4: (10.0, 50.0)
  FILLET_RADIUS: 2.0

ATTRIBUTES:
  MATERIAL: STEEL
  COLOR: SILVER
  WEIGHT: 2.5 KG
  SURFACE_FINISH: NONE

END_OF_PART
