Siemens NX Part File - Classic Solver
VERSION 12.0
SOLVER_TYPE: CLASSIC
PART_NAME: INGM111_Assembly_3x_Scale
UNITS: MM
MATERIAL: Magnesium_Cast
DENSITY: 1.81

MATERIAL_PROPERTIES:
  NAME: Magnesium_Cast
  DENSITY: 1.81 g/cm³
  YOUNG_MODULUS: 45 GPa
  POISSON_RATIO: 0.29
  YIELD_STRENGTH: 160 MPa
  COLOR: RGB(192, 192, 192)

SKETCH_1: BASE_PLATE_SKETCH
  TYPE: RECTANGLE_WITH_HOLES
  PLANE: XY_PLANE
  ORIGIN: (0.0, 0.0, 0.0)
  
  GEOMETRY:
    RECTANGLE:
      WIDTH: 240.0
      HEIGHT: 300.0
      CORNER_RADIUS: 15.0
    
    CIRCLES_ARRAY:
      COUNT: 6
      CENTER: (120.0, 150.0)
      DIAMETER: 15.0
      PATTERN_TYPE: CIRCULAR
      ANGLE_SPACING: 60.0
  
  CONSTRAINTS:
    CONSTRAINT_1:
      TYPE: HORIZONTAL_DISTANCE
      REFERENCE: ORIGIN_X
      VALUE: 120.0
      FULLY_DEFINED: YES
    
    CONSTRAINT_2:
      TYPE: VERTICAL_DISTANCE
      REFERENCE: ORIGIN_Y
      VALUE: 150.0
      FULLY_DEFINED: YES
    
    CONSTRAINT_3:
      TYPE: EQUAL_LENGTH
      OBJECTS: [WIDTH, 240.0]
      FULLY_DEFINED: YES
    
    CONSTRAINT_4:
      TYPE: EQUAL_LENGTH
      OBJECTS: [HEIGHT, 300.0]
      FULLY_DEFINED: YES
    
    CONSTRAINT_5:
      TYPE: COINCIDENT
      OBJECTS: [CIRCLE_CENTER, RECTANGLE_CENTER]
      FULLY_DEFINED: YES
    
    CONSTRAINT_6:
      TYPE: EQUAL_DIAMETER
      OBJECTS: [ALL_CIRCLES]
      FULLY_DEFINED: YES
    
    CONSTRAINT_7:
      TYPE: SYMMETRIC
      OBJECTS: [CIRCLES, RECTANGLE_CENTER]
      FULLY_DEFINED: YES

FEATURE_1: BASE_PLATE_EXTRUDE
  TYPE: EXTRUDE
  SKETCH_REF: SKETCH_1
  DEPTH: 15.0
  DIRECTION: POSITIVE_Z
  TAPER_ANGLE: 0.0
  MASS_CALC: ENABLED

SKETCH_2: HOUSING_SECTION_SKETCH
  TYPE: RECTANGLE
  PLANE: XY_PLANE
  OFFSET_Z: 15.0
  ORIGIN: (60.0, 120.0, 15.0)
  
  GEOMETRY:
    RECTANGLE:
      WIDTH: 120.0
      HEIGHT: 60.0
      CORNER_RADIUS: 10.0
  
  CONSTRAINTS:
    CONSTRAINT_1:
      TYPE: DISTANCE_FROM_ORIGIN
      VALUE_X: 60.0
      VALUE_Y: 120.0
      FULLY_DEFINED: YES
    
    CONSTRAINT_2:
      TYPE: EQUAL_LENGTH
      OBJECTS: [WIDTH, 120.0]
      FULLY_DEFINED: YES
    
    CONSTRAINT_3:
      TYPE: EQUAL_LENGTH
      OBJECTS: [HEIGHT, 60.0]
      FULLY_DEFINED: YES

FEATURE_2: HOUSING_SECTION_EXTRUDE
  TYPE: EXTRUDE
  SKETCH_REF: SKETCH_2
  DEPTH: 60.0
  DIRECTION: POSITIVE_Z
  TAPER_ANGLE: 0.0
  MASS_CALC: ENABLED

SKETCH_3: SUPPORT_COLUMN_SKETCH
  TYPE: RECTANGLE
  PLANE: XY_PLANE
  OFFSET_Z: 75.0
  ORIGIN: (90.0, 135.0, 75.0)
  
  GEOMETRY:
    RECTANGLE:
      WIDTH: 60.0
      HEIGHT: 60.0
      CORNER_RADIUS: 6.0
  
  CONSTRAINTS:
    CONSTRAINT_1:
      TYPE: HORIZONTAL_DISTANCE
      VALUE: 90.0
      FULLY_DEFINED: YES
    
    CONSTRAINT_2:
      TYPE: VERTICAL_DISTANCE
      VALUE: 135.0
      FULLY_DEFINED: YES
    
    CONSTRAINT_3:
      TYPE: EQUAL_LENGTH
      OBJECTS: [WIDTH, 60.0]
      FULLY_DEFINED: YES
    
    CONSTRAINT_4:
      TYPE: EQUAL_LENGTH
      OBJECTS: [HEIGHT, 60.0]
      FULLY_DEFINED: YES

FEATURE_3: SUPPORT_COLUMN_EXTRUDE
  TYPE: EXTRUDE
  SKETCH_REF: SKETCH_3
  DEPTH: 600.0
  DIRECTION: POSITIVE_Z
  TAPER_ANGLE: 0.0
  MASS_CALC: ENABLED

SKETCH_4: CYLINDRICAL_PROFILE_SKETCH
  TYPE: PROFILE_REVOLUTION
  PLANE: XZ_PLANE
  AXIS: Z_AXIS
  ORIGIN: (120.0, 0.0, 675.0)
  
  GEOMETRY:
    PROFILE_CURVE:
      POINT_1: (30.0, 0.0)
      POINT_2: (45.0, 0.0)
      POINT_3: (45.0, 150.0)
      POINT_4: (30.0, 150.0)
      FILLET_RADIUS: 6.0
  
  CONSTRAINTS:
    CONSTRAINT_1:
      TYPE: EQUAL_LENGTH
      OBJECTS: [OUTER_RADIUS, 45.0]
      FULLY_DEFINED: YES
    
    CONSTRAINT_2:
      TYPE: EQUAL_LENGTH
      OBJECTS: [INNER_RADIUS, 30.0]
      FULLY_DEFINED: YES
    
    CONSTRAINT_3:
      TYPE: EQUAL_LENGTH
      OBJECTS: [HEIGHT, 150.0]
      FULLY_DEFINED: YES
    
    CONSTRAINT_4:
      TYPE: VERTICAL_DISTANCE
      VALUE: 150.0
      FULLY_DEFINED: YES

FEATURE_4: CYLINDRICAL_REVOLUTION
  TYPE: REVOLUTION
  SKETCH_REF: SKETCH_4
  AXIS: Z_AXIS
  ANGLE: 360.0
  MASS_CALC: ENABLED

HOLE_FEATURES: THROUGH_HOLES
  TYPE: HOLE
  SKETCH_REF: SKETCH_1
  DEPTH: THROUGH_ALL
  DIAMETER: 15.0
  COUNT: 6
  PATTERN: CIRCULAR

MASS_PROPERTIES:
  MATERIAL: Magnesium_Cast
  VOLUME: 8847.5 cm³
  MASS: 16030.0 grams (16.03 kg)
  CENTER_OF_MASS_X: 120.0 mm
  CENTER_OF_MASS_Y: 150.0 mm
  CENTER_OF_MASS_Z: 337.5 mm

SOLVER_SETTINGS:
  SOLVER_TYPE: CLASSIC
  CONSTRAINT_MODE: AUTOMATIC_REGENERATION
  FEATURE_ORDER_DEPENDENCY: EXPLICIT
  FAILURE_HANDLING: STOP_ON_ERROR
  SKETCH_CONSTRAINT_MODE: FULLY_DEFINED
  ALLOW_FIXED_CONSTRAINTS: NO

DESIGN_INTENT:
  SINGLE_BODY: YES
  FULLY_CONSTRAINED: YES
  FIXED_CONSTRAINTS_COUNT: 0
  PARAMETRIC_DESIGN: YES
  SCALE_FACTOR: 3

END_PART
